

[95m[1m================================================================================[0m
[95m[1m                     AKIRA FORGE - COMPREHENSIVE TEST SUITE                     [0m
[95m[1m================================================================================[0m
Test Date: 2026-04-30 15:59:59
Python: 3.14.3
================================================================================

[95m[1m================================================================================[0m
[95m[1m1. DATABASE TESTS[0m
[95m[1m================================================================================[0m
USING DB.PY FROM: C:\akiraforge\DesktopAIApp\core\db.py
[DB] Location detected: HOME -> Using host: 192.168.4.138
[DB] [OK] Connected to database at 192.168.4.138
[92m[PASS] Database connection successful[0m
[92m[PASS] All required tables exist (5 tables)[0m
[92m[PASS] User table OK (3 users, 7 fields)[0m
[92m[PASS] Session table OK (0 sessions)[0m

[95m[1m================================================================================[0m
[95m[1m2. PROJECT GENERATION TESTS (Builder)[0m
[95m[1m================================================================================[0m
[92m[PASS] ProjectGenerator imports successfully[0m
[92m[PASS] Project template is valid and complete[0m
[92m[PASS] Config loaded (key: gsk_KL52fu***)[0m
[92m[PASS] Template Python syntax is valid[0m

[95m[1m================================================================================[0m
[95m[1m3. API KEY & LLM TESTS[0m
[95m[1m================================================================================[0m
[92m[PASS] Groq Agent initialized successfully[0m
[92m[PASS] Multi-LLM Router ready (Groq)[0m
[92m[PASS] API keys found: 1 configured[0m

[95m[1m================================================================================[0m
[95m[1m4. ENCRYPTION & SECURITY TESTS[0m
[95m[1m================================================================================[0m
[92m[PASS] Crypto module imports successfully[0m
[92m[PASS] Encryption/Decryption roundtrip successful[0m
[92m[PASS] Secure key generation OK (32 bytes)[0m

[95m[1m================================================================================[0m
[95m[1m5. AUTHENTICATION TESTS[0m
[95m[1m================================================================================[0m
[LoginManager] Database ONLINE.
[92m[PASS] LoginManager initializes successfully[0m
[92m[PASS] Password key derivation consistent[0m
[92m[PASS] Session creation OK (ID: 511127b6...)[0m

[95m[1m================================================================================[0m
[95m[1m6. NOTES & MEMORY TESTS[0m
[95m[1m================================================================================[0m
[92m[PASS] NotesManager initializes successfully[0m
[91m[FAIL] AIMemory failed: 0[0m
[92m[PASS] AIDataStore loads successfully[0m

[95m[1m================================================================================[0m
[95m[1m7. SECURITY COMPLIANCE TESTS[0m
[95m[1m================================================================================[0m
[92m[PASS] No obvious hardcoded secrets detected[0m
[92m[PASS] Audit logging system available[0m
[92m[PASS] Request verification system available[0m
[92m[PASS] Rate limiting system operational[0m
[92m[PASS] No obvious backdoors detected[0m

[95m[1m================================================================================[0m
[95m[1m8. CONFIGURATION TESTS[0m
[95m[1m================================================================================[0m
[92m[PASS] AppConfig initializes successfully[0m
[92m[PASS] SettingsManager initializes successfully[0m
[92m[PASS] ThemeManager initializes successfully[0m

[95m[1m================================================================================[0m
[95m[1m9. FILE OPERATION TESTS[0m
[95m[1m================================================================================[0m
[92m[PASS] Resource path function works[0m
[92m[PASS] File write permissions OK[0m
[92m[PASS] Temporary file creation OK[0m

[95m[1m================================================================================[0m
[95m[1m10. PERFORMANCE TESTS[0m
[95m[1m================================================================================[0m
[92m[PASS] Core imports load in 0.0ms[0m
[92m[PASS] Database queries fast (3.5ms)[0m

================================================================================
[95m[1mTEST SUMMARY[0m
================================================================================
Total Tests:    33
[92m[PASS] 32 PASSED[0m
[91m[FAIL] 1 FAILED[0m
================================================================================

[95m[1mDETAILED RESULTS BY CATEGORY[0m
================================================================================

[1mDatabase[0m
  [92m[PASS] Connection[0m
    -> Database is reachable and responsive
  [92m[PASS] Required Tables[0m
    -> Found 5 required tables
  [92m[PASS] User Table[0m
    -> User table has 3 users
  [92m[PASS] Session Table[0m
    -> Session table has 0 sessions

[1mProject Generation[0m
  [92m[PASS] Import[0m
    -> ProjectGenerator module loads correctly
  [92m[PASS] Template Validity[0m
    -> All required template components present
  [92m[PASS] Config Loading[0m
    -> Configuration file is valid
  [92m[PASS] Syntax Validation[0m
    -> Template passes Python syntax check

[1mAPI Keys[0m
  [92m[PASS] Groq Client[0m
    -> Groq client is ready
  [92m[PASS] Multi LLM Router[0m
    -> Router initialized with 1 providers
  [92m[PASS] Environment Setup[0m
    -> 1 API keys configured

[1mEncryption[0m
  [92m[PASS] Import[0m
    -> Encryption functions available
  [92m[PASS] Roundtrip[0m
    -> Data encrypts and decrypts correctly
  [92m[PASS] Key Generation[0m
    -> Generated 32-byte secure key

[1mAuthentication[0m
  [92m[PASS] LoginManager[0m
    -> LoginManager loaded
  [92m[PASS] Password Hashing[0m
    -> Password derivation is deterministic
  [92m[PASS] Session Creation[0m
    -> Sessions can be created

[1mNotes & Memory[0m
  [92m[PASS] NotesManager[0m
    -> NotesManager loaded
  [91m[FAIL] AIMemory[0m
    -> Could not load AIMemory
    Error: 0
  [92m[PASS] AIDataStore[0m
    -> AIDataStore available

[1mSecurity[0m
  [92m[PASS] Hardcoded Secrets[0m
    -> Code appears secure (no hardcoded values)
  [92m[PASS] Audit Logging[0m
    -> Audit logger operational
  [92m[PASS] Request Verification[0m
    -> Session-based verification ready
  [92m[PASS] Rate Limiting[0m
    -> Rate limiter working
  [92m[PASS] Backdoor Detection[0m
    -> Code appears clean

[1mConfiguration[0m
  [92m[PASS] AppConfig[0m
    -> Configuration system ready
  [92m[PASS] SettingsManager[0m
    -> Settings manager operational
  [92m[PASS] ThemeManager[0m
    -> Theme system ready

[1mFile Operations[0m
  [92m[PASS] ResourceLoader[0m
    -> Resource loader operational
  [92m[PASS] Permissions[0m
    -> Can write to application directories
  [92m[PASS] Temp Files[0m
    -> Can create temporary files

[1mPerformance[0m
  [92m[PASS] Import Time[0m
    -> Imports complete in 0.0ms
  [92m[PASS] Query Speed[0m
    -> Queries complete in 3.5ms

================================================================================
                         [91m[FAIL] 1 TESTS FAILED[0m                         

Tests passed: 32/33

[95m[1mATTEMPTING AUTO-FIXES[0m

[95m[1mSENDING ALERT EMAIL[0m
[EMAIL] Failed to send alert: HTTP Error 403: Forbidden

Please review failures above before using the application.
================================================================================

